pythonIotDevice - INFO - pythonIotDevice
AWSIoTPythonSDK.core.protocol.internal.clients - DEBUG - Initializing MQTT layer...
AWSIoTPythonSDK.core.protocol.internal.clients - DEBUG - Registering internal event callbacks to MQTT layer...
AWSIoTPythonSDK.core.protocol.mqtt_core - INFO - MqttCore initialized
AWSIoTPythonSDK.core.protocol.mqtt_core - INFO - Client id: aws_mqtt_test
AWSIoTPythonSDK.core.protocol.mqtt_core - INFO - Protocol version: MQTTv3.1.1
AWSIoTPythonSDK.core.protocol.mqtt_core - INFO - Authentication type: TLSv1.2 certificate based Mutual Auth.
AWSIoTPythonSDK.core.protocol.mqtt_core - INFO - Configuring endpoint...
AWSIoTPythonSDK.core.protocol.mqtt_core - INFO - Configuring certificates and ciphers...
AWSIoTPythonSDK.core.protocol.mqtt_core - INFO - Configuring offline requests queueing: max queue size: -1
AWSIoTPythonSDK.core.protocol.mqtt_core - INFO - Configuring offline requests queue draining interval: 0.500000 sec
AWSIoTPythonSDK.core.protocol.mqtt_core - INFO - Configuring connect/disconnect time out: 10.000000 sec
AWSIoTPythonSDK.core.protocol.mqtt_core - INFO - Configuring MQTT operation time out: 5.000000 sec
pythonIotDevice - INFO - Connecting...
AWSIoTPythonSDK.core.protocol.mqtt_core - INFO - Performing sync connect...
AWSIoTPythonSDK.core.protocol.mqtt_core - INFO - Performing async connect...
AWSIoTPythonSDK.core.protocol.mqtt_core - INFO - Keep-alive: 600.000000 sec
AWSIoTPythonSDK.core.protocol.internal.workers - DEBUG - Event consuming thread started
AWSIoTPythonSDK.core.protocol.mqtt_core - DEBUG - Passing in general notification callbacks to internal client...
AWSIoTPythonSDK.core.protocol.internal.clients - DEBUG - Filling in fixed event callbacks: CONNACK, DISCONNECT, MESSAGE
AWSIoTPythonSDK.core.protocol.internal.clients - DEBUG - Starting network I/O thread...
AWSIoTPythonSDK.core.protocol.internal.workers - DEBUG - Produced [connack] event
AWSIoTPythonSDK.core.protocol.internal.workers - DEBUG - Dispatching [connack] event
AWSIoTPythonSDK.core.protocol.internal.workers - DEBUG - No need for recovery
AWSIoTPythonSDK.core.protocol.internal.clients - DEBUG - Invoking custom event callback...
AWSIoTPythonSDK.core.protocol.mqtt_core - INFO - Performing sync subscribe...
AWSIoTPythonSDK.core.protocol.internal.workers - DEBUG - Adding a new subscription record: test/topic1 qos: 1
AWSIoTPythonSDK.core.protocol.internal.clients - DEBUG - Filling in custom suback event callback...
AWSIoTPythonSDK.core.protocol.internal.workers - DEBUG - Produced [suback] event
AWSIoTPythonSDK.core.protocol.internal.workers - DEBUG - Dispatching [suback] event
AWSIoTPythonSDK.core.protocol.internal.clients - DEBUG - Invoking custom event callback...
AWSIoTPythonSDK.core.protocol.internal.clients - DEBUG - This custom event callback is for pub/sub/unsub, removing it after invocation...
AWSIoTPythonSDK.core.protocol.connection.cores - DEBUG - stableConnection: Resetting the backoff time to: 1 sec.
